version https://git-lfs.github.com/spec/v1
oid sha256:01253dd814a4fb24c29efe61af8d1696cb8d810fb256fcbe89141472cd578c8d
size 460
